#-----------------------------------------------------------
# Vivado v2024.1 (64-bit)
# SW Build 5076996 on Wed May 22 18:37:14 MDT 2024
# IP Build 5075265 on Wed May 22 21:45:21 MDT 2024
# SharedData Build 5076995 on Wed May 22 18:29:18 MDT 2024
# Start of session at: Thu Apr 16 14:54:42 2026
# Process ID: 9584
# Current directory: C:/Users/natha/OneDrive/Code/DopplerDynamics/IVUS-Doppler/FPGA/Demo01/Demo01.runs/synth_1
# Command line: vivado.exe -log top_blink.vds -product Vivado -mode batch -messageDb vivado.pb -notrace -source top_blink.tcl
# Log file: C:/Users/natha/OneDrive/Code/DopplerDynamics/IVUS-Doppler/FPGA/Demo01/Demo01.runs/synth_1/top_blink.vds
# Journal file: C:/Users/natha/OneDrive/Code/DopplerDynamics/IVUS-Doppler/FPGA/Demo01/Demo01.runs/synth_1\vivado.jou
# Running On        :Daedalus
# Platform          :Windows Server 2016 or Windows 10
# Operating System  :26200
# Processor Detail  :13th Gen Intel(R) Core(TM) i9-13900HX
# CPU Frequency     :2419 MHz
# CPU Physical cores:24
# CPU Logical cores :32
# Host memory       :68393 MB
# Swap memory       :4294 MB
# Total Virtual     :72688 MB
# Available Virtual :28853 MB
#-----------------------------------------------------------
source top_blink.tcl -notrace
